\BOOKMARK [1][-]{section.1}{\376\377\000A\000b\000o\000u\000t\000\040\000T\000h\000i\000s\000\040\000N\000e\000w\000s\000l\000e\000t\000t\000e\000r}{}% 1
\BOOKMARK [1][-]{section.2}{\376\377\000L\000i\000t\000e\000r\000a\000t\000u\000r\000e\000\040\000S\000u\000r\000v\000e\000y\000:\000\040\000G\000M\000F\000M\000\040\000A\000s\000s\000e\000s\000s\000m\000e\000n\000t\000\040\000a\000n\000d\000\040\000t\000h\000e\000\040\000N\000e\000e\000d\000\040\000f\000o\000r\000\040\000D\000i\000g\000i\000t\000i\000z\000a\000t\000i\000o\000n}{}% 2
\BOOKMARK [2][-]{subsection.2.1}{\376\377\000W\000h\000a\000t\000\040\000i\000s\000\040\000G\000M\000F\000M\000?}{section.2}% 3
\BOOKMARK [2][-]{subsection.2.2}{\376\377\000C\000e\000r\000e\000b\000r\000a\000l\000\040\000P\000a\000l\000s\000y\000:\000\040\000T\000h\000e\000\040\000C\000l\000i\000n\000i\000c\000a\000l\000\040\000C\000o\000n\000t\000e\000x\000t}{section.2}% 4
\BOOKMARK [2][-]{subsection.2.3}{\376\377\000T\000h\000e\000\040\000E\000x\000i\000s\000t\000i\000n\000g\000\040\000A\000s\000s\000e\000s\000s\000m\000e\000n\000t\000\040\000L\000a\000n\000d\000s\000c\000a\000p\000e\000:\000\040\000F\000r\000o\000m\000\040\000P\000a\000i\000d\000\040\000S\000o\000f\000t\000w\000a\000r\000e\000\040\000t\000o\000\040\000M\000a\000n\000u\000a\000l\000\040\000M\000e\000t\000h\000o\000d\000s}{section.2}% 5
\BOOKMARK [1][-]{section.3}{\376\377\000T\000h\000e\000\040\000T\000e\000a\000m}{}% 6
\BOOKMARK [1][-]{section.4}{\376\377\000O\000u\000r\000\040\000C\000o\000m\000m\000u\000n\000i\000t\000y\000\040\000P\000a\000r\000t\000n\000e\000r\000:\000\040\000S\000P\000A\000S\000T\000N}{}% 7
\BOOKMARK [2][-]{subsection.4.1}{\376\377\000W\000h\000y\000\040\000S\000P\000A\000S\000T\000N\000\040\000W\000a\000s\000\040\000C\000h\000o\000s\000e\000n}{section.4}% 8
\BOOKMARK [1][-]{section.5}{\376\377\000H\000o\000w\000\040\000I\000t\000\040\000A\000l\000l\000\040\000S\000t\000a\000r\000t\000e\000d\000:\000\040\000T\000h\000e\000\040\000P\000r\000o\000b\000l\000e\000m\000\040\000D\000i\000s\000c\000o\000v\000e\000r\000y}{}% 9
\BOOKMARK [1][-]{section.6}{\376\377\000O\000u\000r\000\040\000V\000i\000s\000i\000t\000s\000\040\000t\000o\000\040\000S\000P\000A\000S\000T\000N}{}% 10
\BOOKMARK [1][-]{section.7}{\376\377\000T\000h\000e\000\040\000D\000e\000v\000e\000l\000o\000p\000m\000e\000n\000t\000\040\000J\000o\000u\000r\000n\000e\000y}{}% 11
\BOOKMARK [2][-]{subsection.7.1}{\376\377\000B\000y\000\040\000T\000h\000e\000\040\000N\000u\000m\000b\000e\000r\000s}{section.7}% 12
\BOOKMARK [1][-]{section.8}{\376\377\000T\000h\000e\000\040\000A\000p\000p\000l\000i\000c\000a\000t\000i\000o\000n\000:\000\040\000M\000o\000t\000o\000r\000M\000e\000a\000s\000u\000r\000e\000\040\000P\000r\000o}{}% 13
\BOOKMARK [2][-]{subsection.8.1}{\376\377\000W\000h\000a\000t\000\040\000D\000o\000e\000s\000\040\000t\000h\000e\000\040\000A\000p\000p\000\040\000D\000o\000?}{section.8}% 14
\BOOKMARK [2][-]{subsection.8.2}{\376\377\000T\000e\000c\000h\000n\000o\000l\000o\000g\000y\000\040\000S\000t\000a\000c\000k}{section.8}% 15
\BOOKMARK [2][-]{subsection.8.3}{\376\377\000A\000r\000c\000h\000i\000t\000e\000c\000t\000u\000r\000e\000\040\000O\000v\000e\000r\000v\000i\000e\000w}{section.8}% 16
\BOOKMARK [1][-]{section.9}{\376\377\000K\000e\000y\000\040\000C\000h\000a\000l\000l\000e\000n\000g\000e\000s\000\040\000\046\000\040\000H\000o\000w\000\040\000W\000e\000\040\000O\000v\000e\000r\000c\000a\000m\000e\000\040\000T\000h\000e\000m}{}% 17
\BOOKMARK [2][-]{subsection.9.1}{\376\377\000C\000h\000a\000l\000l\000e\000n\000g\000e\000\040\0001\000:\000\040\000N\000o\000\040\000P\000r\000o\000b\000l\000e\000m\000\040\000S\000t\000a\000t\000e\000m\000e\000n\000t}{section.9}% 18
\BOOKMARK [2][-]{subsection.9.2}{\376\377\000C\000h\000a\000l\000l\000e\000n\000g\000e\000\040\0002\000:\000\040\000F\000r\000a\000m\000e\000w\000o\000r\000k\000\040\000P\000i\000v\000o\000t}{section.9}% 19
\BOOKMARK [2][-]{subsection.9.3}{\376\377\000C\000h\000a\000l\000l\000e\000n\000g\000e\000\040\0003\000:\000\040\000A\000n\000d\000r\000o\000i\000d\000\040\000D\000e\000p\000l\000o\000y\000m\000e\000n\000t}{section.9}% 20
\BOOKMARK [2][-]{subsection.9.4}{\376\377\000C\000h\000a\000l\000l\000e\000n\000g\000e\000\040\0004\000:\000\040\000O\000f\000f\000l\000i\000n\000e\000-\000F\000i\000r\000s\000t\000\040\000w\000i\000t\000h\000\040\000C\000l\000o\000u\000d\000\040\000S\000y\000n\000c}{section.9}% 21
\BOOKMARK [2][-]{subsection.9.5}{\376\377\000C\000h\000a\000l\000l\000e\000n\000g\000e\000\040\0005\000:\000\040\000C\000l\000i\000n\000i\000c\000a\000l\000\040\000D\000a\000t\000a\000\040\000P\000r\000i\000v\000a\000c\000y}{section.9}% 22
\BOOKMARK [1][-]{section.10}{\376\377\000I\000m\000p\000a\000c\000t\000\040\000\046\000\040\000O\000u\000t\000c\000o\000m\000e\000s}{}% 23
\BOOKMARK [2][-]{subsection.10.1}{\376\377\000F\000o\000r\000\040\000t\000h\000e\000\040\000T\000h\000e\000r\000a\000p\000i\000s\000t\000s}{section.10}% 24
\BOOKMARK [2][-]{subsection.10.2}{\376\377\000F\000o\000r\000\040\000t\000h\000e\000\040\000C\000h\000i\000l\000d\000r\000e\000n\000\040\000\046\000\040\000P\000a\000r\000e\000n\000t\000s}{section.10}% 25
\BOOKMARK [2][-]{subsection.10.3}{\376\377\000F\000o\000r\000\040\000t\000h\000e\000\040\000I\000n\000s\000t\000i\000t\000u\000t\000i\000o\000n}{section.10}% 26
\BOOKMARK [1][-]{section.11}{\376\377\000O\000f\000f\000i\000c\000i\000a\000l\000\040\000A\000p\000p\000\040\000R\000e\000l\000e\000a\000s\000e}{}% 27
\BOOKMARK [1][-]{section.12}{\376\377\000A\000c\000k\000n\000o\000w\000l\000e\000d\000g\000e\000m\000e\000n\000t\000s}{}% 28
\BOOKMARK [1][-]{section.13}{\376\377\000L\000o\000o\000k\000i\000n\000g\000\040\000A\000h\000e\000a\000d}{}% 29
